<html>
<body>
<pre>
<h1>µVision Build Log</h1>
<h2>Tool Versions:</h2>
IDE-Version: µVision V5.14.2
Copyright (C) 2015 ARM Ltd and ARM Germany GmbH. All rights reserved.
License Information: Cortex-M3, Owlet Industries, LIC=EXJII-T2G5U-FIZ52-9G77W-NR07A-X0XD8
 
Tool Versions:
Toolchain:       MDK-ARM Standard  Version: 5.11.0.0
Toolchain Path:  D:\Keil_v5\ARM\ARMCC\Bin
C Compiler:      Armcc.exe V5.04 update 1 (build 49)
Assembler:       Armasm.exe V5.04 update 1 (build 49)
Linker/Locator:  ArmLink.exe V5.04 update 1 (build 49)
Library Manager: ArmAr.exe V5.04 update 1 (build 49)
Hex Converter:   FromElf.exe V5.04 update 1 (build 49)
CPU DLL:         SARMCM3.DLL V5.11.0.0
Dialog DLL:      DCM.DLL V1.11.0.0
Target DLL:      Segger\JL2CM3.dll V2.97.0.0
Dialog DLL:      TCM.DLL V1.14.1.0
 
<h2>Project:</h2>
G:\ARM-CM3 PWM_Sig_Generator\stm32-fd-FlashLED.uvproj
Project File Date:  06/06/2017

<h2>Output:</h2>
*** Using Compiler 'V5.04 update 1 (build 49)', folder: 'D:\Keil_v5\ARM\ARMCC\Bin'
Rebuild target 'Target 1'
assembling startup_stm32f10x_hd.s...
compiling stm32f10x_it.c...
compiling main.c...
user\main.c(22): warning:  #188-D: enumerated type mixed with another type
  bool SettingChanged_Flag = 0;
user\main.c(118): warning:  #177-D: variable "GPIO_InitStructure" was declared but never referenced
        GPIO_InitTypeDef GPIO_InitStructure;
user\main.c(197): warning:  #188-D: enumerated type mixed with another type
                case EVENT_FP:PWM2_Freq += 10;SettingChanged_Flag = 1;
user\main.c(199): warning:  #188-D: enumerated type mixed with another type
                case EVENT_FN:PWM2_Freq -= 10;SettingChanged_Flag = 1;
user\main.c(201): warning:  #188-D: enumerated type mixed with another type
                case EVENT_DP:PWM2_DutyPrecentage += 1;SettingChanged_Flag = 1;
user\main.c(203): warning:  #188-D: enumerated type mixed with another type
                case EVENT_DN:PWM2_DutyPrecentage -= 1;SettingChanged_Flag = 1;
user\main.c(227): warning:  #167-D: argument of type "char *" is incompatible with parameter of type "uint8_t *"
        USART_OUT(USART1,frequency_String);
user\main.c(229): warning:  #167-D: argument of type "char *" is incompatible with parameter of type "uint8_t *"
        USART_OUT(USART1,duty_String);
user\main.c(239): warning:  #188-D: enumerated type mixed with another type
        Timer_Config(0,PWM2_Freq,PWM2_DutyPrecentage);
user\main.c(248): warning:  #188-D: enumerated type mixed with another type
                                Timer_Config(1,PWM2_Freq,PWM2_DutyPrecentage);
user\main.c(250): warning:  #188-D: enumerated type mixed with another type
                                Timer_Config(0,PWM2_Freq,PWM2_DutyPrecentage);
user\main.c(251): warning:  #188-D: enumerated type mixed with another type
                        SettingChanged_Flag = 0;
user\main.c: 12 warnings, 0 errors
compiling stm32f10x_gpio.c...
compiling misc.c...
compiling stm32f10x_rcc.c...
compiling stm32f10x_exti.c...
compiling stm32f10x_usart.c...
compiling core_cm3.c...
compiling system_stm32f10x.c...
linking...
Program Size: Code=3784 RO-data=336 RW-data=68 ZI-data=516  
FromELF: creating hex file...
".\Obj\STM32-FD-FLASHLED.axf" - 0 Error(s), 12 Warning(s).
</pre>
</body>
</html>
